13:51:16 **** Build of configuration Debug for project packet_redirect ****
make all 
Building file: ../src/testperiph.c
Invoking: ARM gcc compiler
arm-xilinx-eabi-gcc -Wall -O0 -g3 -c -fmessage-length=0 -MT"src/testperiph.o" -I../../packet_redirect_bsp/ps7_cortexa9_0/include -MMD -MP -MF"src/testperiph.d" -MT"src/testperiph.d" -o "src/testperiph.o" "../src/testperiph.c"
Finished building: ../src/testperiph.c
 
Building file: ../src/xemacps_example_intr_dma.c
Invoking: ARM gcc compiler
arm-xilinx-eabi-gcc -Wall -O0 -g3 -c -fmessage-length=0 -MT"src/xemacps_example_intr_dma.o" -I../../packet_redirect_bsp/ps7_cortexa9_0/include -MMD -MP -MF"src/xemacps_example_intr_dma.d" -MT"src/xemacps_example_intr_dma.d" -o "src/xemacps_example_intr_dma.o" "../src/xemacps_example_intr_dma.c"
../src/xemacps_example_intr_dma.c: In function 'EmacPsDmaSingleFrameIntrExample':
../src/xemacps_example_intr_dma.c:620:2: warning: implicit declaration of function 'ppu_test' [-Wimplicit-function-declaration]
  Status = ppu_test(EmacPsInstancePtr);
  ^
../src/xemacps_example_intr_dma.c: At top level:
../src/xemacps_example_intr_dma.c:1099:6: warning: conflicting types for 'ppu_test'
 void ppu_test(XEmacPs *EmacPsInstancePtr)
      ^
../src/xemacps_example_intr_dma.c:620:11: note: previous implicit declaration of 'ppu_test' was here
  Status = ppu_test(EmacPsInstancePtr);
           ^
../src/xemacps_example_intr_dma.c: In function 'ppu_test':
../src/xemacps_example_intr_dma.c:1108:16: warning: assignment makes pointer from integer without a cast
  rxvd_buffer_0 = PACKET_BUFFER_0;
                ^
../src/xemacps_example_intr_dma.c:1109:16: warning: assignment makes pointer from integer without a cast
  rxvd_buffer_1 = PACKET_BUFFER_1;
                ^
../src/xemacps_example_intr_dma.c:1120:30: warning: passing argument 1 of 'EmacPsUtilFrameHdrFormatMAC' from incompatible pointer type
  EmacPsUtilFrameHdrFormatMAC(&TxBuffer[0][0], EmacPsMAC);
                              ^
In file included from ../src/xemacps_example_intr_dma.c:118:0:
../src/xemacps_example.h:117:6: note: expected 'char (*)[1536]' but argument is of type 'char *'
 void EmacPsUtilFrameHdrFormatMAC(EthernetFrame * FramePtr, char *DestAddr);
      ^
../src/xemacps_example_intr_dma.c:1138:37: warning: assignment makes integer from pointer without a cast
  *(u32*)(TX_BD_LIST_START_ADDRESS ) = &TxBuffer[0][0];
                                     ^
../src/xemacps_example_intr_dma.c:1152:47: warning: assignment makes integer from pointer without a cast
    *(u32*)(BUFFER_DESC_MEM + (bd_index * 8) ) = &RxBuffer[bd_index][0];
                                               ^
../src/xemacps_example_intr_dma.c:1153:4: warning: format '%d' expects argument of type 'int', but argument 2 has type 'u32' [-Wformat=]
    printf("\r\nRxBuffer Addr in BD%d: %8x is saved in PL \r\n", bd_index, &RxBuffer[bd_index][0]);
    ^
../src/xemacps_example_intr_dma.c:1153:4: warning: format '%x' expects argument of type 'unsigned int', but argument 3 has type 'char *' [-Wformat=]
../src/xemacps_example_intr_dma.c:1153:4: warning: format '%d' expects argument of type 'int', but argument 2 has type 'u32' [-Wformat=]
../src/xemacps_example_intr_dma.c:1153:4: warning: format '%x' expects argument of type 'unsigned int', but argument 3 has type 'char *' [-Wformat=]
../src/xemacps_example_intr_dma.c:1163:47: warning: assignment makes integer from pointer without a cast
    *(u32*)(BUFFER_DESC_MEM + (bd_index * 8) ) = &RxBuffer[bd_index][0];
                                               ^
../src/xemacps_example_intr_dma.c:1164:4: warning: format '%d' expects argument of type 'int', but argument 2 has type 'u32' [-Wformat=]
    printf("\r\nRxBuffer Addr in BD%d: %8x is saved in PL\r\n", bd_index, &RxBuffer[bd_index][0]);
    ^
../src/xemacps_example_intr_dma.c:1164:4: warning: format '%x' expects argument of type 'unsigned int', but argument 3 has type 'char *' [-Wformat=]
../src/xemacps_example_intr_dma.c:1164:4: warning: format '%d' expects argument of type 'int', but argument 2 has type 'u32' [-Wformat=]
../src/xemacps_example_intr_dma.c:1164:4: warning: format '%x' expects argument of type 'unsigned int', but argument 3 has type 'char *' [-Wformat=]
../src/xemacps_example_intr_dma.c:1193:2: warning: implicit declaration of function 'ReceiveDataVerify' [-Wimplicit-function-declaration]
  DataError = ReceiveDataVerify(&TxBuffer[0], PACKET_BUFFER_0, 1018);
  ^
../src/xemacps_example_intr_dma.c:1200:3: warning: format '%d' expects argument of type 'int', but argument 2 has type 'u32' [-Wformat=]
   printf("Error Count = %d", DataError);
   ^
../src/xemacps_example_intr_dma.c:1200:3: warning: format '%d' expects argument of type 'int', but argument 2 has type 'u32' [-Wformat=]
../src/xemacps_example_intr_dma.c:1211:2: warning: implicit declaration of function 'PrintData' [-Wimplicit-function-declaration]
  PrintData(PACKET_BUFFER_0);
  ^
../src/xemacps_example_intr_dma.c:1104:7: warning: unused variable 'temp_char' [-Wunused-variable]
  char temp_char;
       ^
../src/xemacps_example_intr_dma.c: At top level:
../src/xemacps_example_intr_dma.c:1227:6: warning: conflicting types for 'PrintData'
 void PrintData(char *data_ptr)
      ^
../src/xemacps_example_intr_dma.c:1211:2: note: previous implicit declaration of 'PrintData' was here
  PrintData(PACKET_BUFFER_0);
  ^
Finished building: ../src/xemacps_example_intr_dma.c
 
Building file: ../src/xemacps_example_util.c
Invoking: ARM gcc compiler
arm-xilinx-eabi-gcc -Wall -O0 -g3 -c -fmessage-length=0 -MT"src/xemacps_example_util.o" -I../../packet_redirect_bsp/ps7_cortexa9_0/include -MMD -MP -MF"src/xemacps_example_util.d" -MT"src/xemacps_example_util.d" -o "src/xemacps_example_util.o" "../src/xemacps_example_util.c"
Finished building: ../src/xemacps_example_util.c
 
Building file: ../src/xscugic_tapp_example.c
Invoking: ARM gcc compiler
arm-xilinx-eabi-gcc -Wall -O0 -g3 -c -fmessage-length=0 -MT"src/xscugic_tapp_example.o" -I../../packet_redirect_bsp/ps7_cortexa9_0/include -MMD -MP -MF"src/xscugic_tapp_example.d" -MT"src/xscugic_tapp_example.d" -o "src/xscugic_tapp_example.o" "../src/xscugic_tapp_example.c"
Finished building: ../src/xscugic_tapp_example.c
 
Building file: ../src/xscutimer_intr_example.c
Invoking: ARM gcc compiler
arm-xilinx-eabi-gcc -Wall -O0 -g3 -c -fmessage-length=0 -MT"src/xscutimer_intr_example.o" -I../../packet_redirect_bsp/ps7_cortexa9_0/include -MMD -MP -MF"src/xscutimer_intr_example.d" -MT"src/xscutimer_intr_example.d" -o "src/xscutimer_intr_example.o" "../src/xscutimer_intr_example.c"
Finished building: ../src/xscutimer_intr_example.c
 
Building target: packet_redirect.elf
Invoking: ARM gcc linker
arm-xilinx-eabi-gcc -Wl,-T -Wl,../src/lscript.ld -L../../packet_redirect_bsp/ps7_cortexa9_0/lib -o "packet_redirect.elf"  ./src/testperiph.o ./src/xemacps_example_intr_dma.o ./src/xemacps_example_util.o ./src/xscugic_tapp_example.o ./src/xscutimer_intr_example.o   -Wl,--start-group,-lxil,-lgcc,-lc,--end-group
Finished building target: packet_redirect.elf
 
Invoking: ARM Print Size
arm-xilinx-eabi-size packet_redirect.elf  |tee "packet_redirect.elf.size"
   text	   data	    bss	    dec	    hex	filename
  85252	   3120	 128656	 217028	  34fc4	packet_redirect.elf
Finished building: packet_redirect.elf.size
 

13:51:17 Build Finished (took 722ms)

