09:24:36 **** Clean-only build of configuration Debug for project fakher ****
make clean 
rm -rf  ./src/testperiph.o ./src/xemacps_example_intr_dma.o ./src/xemacps_example_util.o ./src/xscugic_tapp_example.o ./src/xscutimer_intr_example.o  ./xemacps_example_intr_dma_org.o  ./src/testperiph.d ./src/xemacps_example_intr_dma.d ./src/xemacps_example_util.d ./src/xscugic_tapp_example.d ./src/xscutimer_intr_example.d  ./xemacps_example_intr_dma_org.d  fakher.elf.size  fakher.elf
 
09:24:36 **** Clean-only build of project standalone_bsp_0 ****
make -k clean 
rm -f ps7_cortexa9_0/lib/libxil.a
09:24:37 **** Build of project standalone_bsp_0 ****
make -k all 
Running Make include in ps7_cortexa9_0/libsrc/ddrps_v1_0/src
make -C ps7_cortexa9_0/libsrc/ddrps_v1_0/src -s include  "SHELL=/bin/sh" "COMPILER=arm-xilinx-eabi-gcc" "ARCHIVER=arm-xilinx-eabi-ar" "COMPILER_FLAGS=  -O2 -c" "EXTRA_COMPILER_FLAGS=-g"
Running Make include in ps7_cortexa9_0/libsrc/standalone_v5_2/src
make -C ps7_cortexa9_0/libsrc/standalone_v5_2/src -s include  "SHELL=/bin/sh" "COMPILER=arm-xilinx-eabi-gcc" "ARCHIVER=arm-xilinx-eabi-ar" "COMPILER_FLAGS=  -O2 -c" "EXTRA_COMPILER_FLAGS=-g"
Running Make include in ps7_cortexa9_0/libsrc/uartps_v3_1/src
make -C ps7_cortexa9_0/libsrc/uartps_v3_1/src -s include  "SHELL=/bin/sh" "COMPILER=arm-xilinx-eabi-gcc" "ARCHIVER=arm-xilinx-eabi-ar" "COMPILER_FLAGS=  -O2 -c" "EXTRA_COMPILER_FLAGS=-g"
Running Make include in ps7_cortexa9_0/libsrc/coresightps_dcc_v1_1/src
make -C ps7_cortexa9_0/libsrc/coresightps_dcc_v1_1/src -s include  "SHELL=/bin/sh" "COMPILER=arm-xilinx-eabi-gcc" "ARCHIVER=arm-xilinx-eabi-ar" "COMPILER_FLAGS=  -O2 -c" "EXTRA_COMPILER_FLAGS=-g"
Running Make include in ps7_cortexa9_0/libsrc/devcfg_v3_3/src
make -C ps7_cortexa9_0/libsrc/devcfg_v3_3/src -s include  "SHELL=/bin/sh" "COMPILER=arm-xilinx-eabi-gcc" "ARCHIVER=arm-xilinx-eabi-ar" "COMPILER_FLAGS=  -O2 -c" "EXTRA_COMPILER_FLAGS=-g"
Running Make include in ps7_cortexa9_0/libsrc/xadcps_v2_2/src
make -C ps7_cortexa9_0/libsrc/xadcps_v2_2/src -s include  "SHELL=/bin/sh" "COMPILER=arm-xilinx-eabi-gcc" "ARCHIVER=arm-xilinx-eabi-ar" "COMPILER_FLAGS=  -O2 -c" "EXTRA_COMPILER_FLAGS=-g"
Running Make include in ps7_cortexa9_0/libsrc/dmaps_v2_1/src
make -C ps7_cortexa9_0/libsrc/dmaps_v2_1/src -s include  "SHELL=/bin/sh" "COMPILER=arm-xilinx-eabi-gcc" "ARCHIVER=arm-xilinx-eabi-ar" "COMPILER_FLAGS=  -O2 -c" "EXTRA_COMPILER_FLAGS=-g"
Running Make include in ps7_cortexa9_0/libsrc/sdps_v2_5/src
make -C ps7_cortexa9_0/libsrc/sdps_v2_5/src -s include  "SHELL=/bin/sh" "COMPILER=arm-xilinx-eabi-gcc" "ARCHIVER=arm-xilinx-eabi-ar" "COMPILER_FLAGS=  -O2 -c" "EXTRA_COMPILER_FLAGS=-g"
Running Make include in ps7_cortexa9_0/libsrc/gpiops_v3_1/src
make -C ps7_cortexa9_0/libsrc/gpiops_v3_1/src -s include  "SHELL=/bin/sh" "COMPILER=arm-xilinx-eabi-gcc" "ARCHIVER=arm-xilinx-eabi-ar" "COMPILER_FLAGS=  -O2 -c" "EXTRA_COMPILER_FLAGS=-g"
Running Make include in ps7_cortexa9_0/libsrc/scuwdt_v2_1/src
make -C ps7_cortexa9_0/libsrc/scuwdt_v2_1/src -s include  "SHELL=/bin/sh" "COMPILER=arm-xilinx-eabi-gcc" "ARCHIVER=arm-xilinx-eabi-ar" "COMPILER_FLAGS=  -O2 -c" "EXTRA_COMPILER_FLAGS=-g"
Running Make include in ps7_cortexa9_0/libsrc/cpu_cortexa9_v2_1/src
make -C ps7_cortexa9_0/libsrc/cpu_cortexa9_v2_1/src -s include  "SHELL=/bin/sh" "COMPILER=arm-xilinx-eabi-gcc" "ARCHIVER=arm-xilinx-eabi-ar" "COMPILER_FLAGS=  -O2 -c" "EXTRA_COMPILER_FLAGS=-g"
Running Make include in ps7_cortexa9_0/libsrc/emacps_v3_1/src
make -C ps7_cortexa9_0/libsrc/emacps_v3_1/src -s include  "SHELL=/bin/sh" "COMPILER=arm-xilinx-eabi-gcc" "ARCHIVER=arm-xilinx-eabi-ar" "COMPILER_FLAGS=  -O2 -c" "EXTRA_COMPILER_FLAGS=-g"
Running Make include in ps7_cortexa9_0/libsrc/scugic_v3_1/src
make -C ps7_cortexa9_0/libsrc/scugic_v3_1/src -s include  "SHELL=/bin/sh" "COMPILER=arm-xilinx-eabi-gcc" "ARCHIVER=arm-xilinx-eabi-ar" "COMPILER_FLAGS=  -O2 -c" "EXTRA_COMPILER_FLAGS=-g"
Running Make include in ps7_cortexa9_0/libsrc/usbps_v2_2/src
make -C ps7_cortexa9_0/libsrc/usbps_v2_2/src -s include  "SHELL=/bin/sh" "COMPILER=arm-xilinx-eabi-gcc" "ARCHIVER=arm-xilinx-eabi-ar" "COMPILER_FLAGS=  -O2 -c" "EXTRA_COMPILER_FLAGS=-g"
Running Make include in ps7_cortexa9_0/libsrc/bram_v4_0/src
make -C ps7_cortexa9_0/libsrc/bram_v4_0/src -s include  "SHELL=/bin/sh" "COMPILER=arm-xilinx-eabi-gcc" "ARCHIVER=arm-xilinx-eabi-ar" "COMPILER_FLAGS=  -O2 -c" "EXTRA_COMPILER_FLAGS=-g"
Running Make include in ps7_cortexa9_0/libsrc/scutimer_v2_1/src
make -C ps7_cortexa9_0/libsrc/scutimer_v2_1/src -s include  "SHELL=/bin/sh" "COMPILER=arm-xilinx-eabi-gcc" "ARCHIVER=arm-xilinx-eabi-ar" "COMPILER_FLAGS=  -O2 -c" "EXTRA_COMPILER_FLAGS=-g"
Running Make include in ps7_cortexa9_0/libsrc/qspips_v3_2/src
make -C ps7_cortexa9_0/libsrc/qspips_v3_2/src -s include  "SHELL=/bin/sh" "COMPILER=arm-xilinx-eabi-gcc" "ARCHIVER=arm-xilinx-eabi-ar" "COMPILER_FLAGS=  -O2 -c" "EXTRA_COMPILER_FLAGS=-g"
Running Make libs in ps7_cortexa9_0/libsrc/ddrps_v1_0/src
make -C ps7_cortexa9_0/libsrc/ddrps_v1_0/src -s libs  "SHELL=/bin/sh" "COMPILER=arm-xilinx-eabi-gcc" "ARCHIVER=arm-xilinx-eabi-ar" "COMPILER_FLAGS=  -O2 -c" "EXTRA_COMPILER_FLAGS=-g"
Compiling ddrps
arm-xilinx-eabi-ar: creating ../../../lib/libxil.a
Running Make libs in ps7_cortexa9_0/libsrc/standalone_v5_2/src
make -C ps7_cortexa9_0/libsrc/standalone_v5_2/src -s libs  "SHELL=/bin/sh" "COMPILER=arm-xilinx-eabi-gcc" "ARCHIVER=arm-xilinx-eabi-ar" "COMPILER_FLAGS=  -O2 -c" "EXTRA_COMPILER_FLAGS=-g"
Compiling standalone
Running Make libs in ps7_cortexa9_0/libsrc/uartps_v3_1/src
make -C ps7_cortexa9_0/libsrc/uartps_v3_1/src -s libs  "SHELL=/bin/sh" "COMPILER=arm-xilinx-eabi-gcc" "ARCHIVER=arm-xilinx-eabi-ar" "COMPILER_FLAGS=  -O2 -c" "EXTRA_COMPILER_FLAGS=-g"
Compiling uartps
Running Make libs in ps7_cortexa9_0/libsrc/coresightps_dcc_v1_1/src
make -C ps7_cortexa9_0/libsrc/coresightps_dcc_v1_1/src -s libs  "SHELL=/bin/sh" "COMPILER=arm-xilinx-eabi-gcc" "ARCHIVER=arm-xilinx-eabi-ar" "COMPILER_FLAGS=  -O2 -c" "EXTRA_COMPILER_FLAGS=-g"
Compiling coresightps_dcc
Running Make libs in ps7_cortexa9_0/libsrc/devcfg_v3_3/src
make -C ps7_cortexa9_0/libsrc/devcfg_v3_3/src -s libs  "SHELL=/bin/sh" "COMPILER=arm-xilinx-eabi-gcc" "ARCHIVER=arm-xilinx-eabi-ar" "COMPILER_FLAGS=  -O2 -c" "EXTRA_COMPILER_FLAGS=-g"
Compiling devcfg
Running Make libs in ps7_cortexa9_0/libsrc/xadcps_v2_2/src
make -C ps7_cortexa9_0/libsrc/xadcps_v2_2/src -s libs  "SHELL=/bin/sh" "COMPILER=arm-xilinx-eabi-gcc" "ARCHIVER=arm-xilinx-eabi-ar" "COMPILER_FLAGS=  -O2 -c" "EXTRA_COMPILER_FLAGS=-g"
Compiling xadcps
Running Make libs in ps7_cortexa9_0/libsrc/dmaps_v2_1/src
make -C ps7_cortexa9_0/libsrc/dmaps_v2_1/src -s libs  "SHELL=/bin/sh" "COMPILER=arm-xilinx-eabi-gcc" "ARCHIVER=arm-xilinx-eabi-ar" "COMPILER_FLAGS=  -O2 -c" "EXTRA_COMPILER_FLAGS=-g"
Compiling dmaps
Running Make libs in ps7_cortexa9_0/libsrc/sdps_v2_5/src
make -C ps7_cortexa9_0/libsrc/sdps_v2_5/src -s libs  "SHELL=/bin/sh" "COMPILER=arm-xilinx-eabi-gcc" "ARCHIVER=arm-xilinx-eabi-ar" "COMPILER_FLAGS=  -O2 -c" "EXTRA_COMPILER_FLAGS=-g"
Compiling sdps
Running Make libs in ps7_cortexa9_0/libsrc/gpiops_v3_1/src
make -C ps7_cortexa9_0/libsrc/gpiops_v3_1/src -s libs  "SHELL=/bin/sh" "COMPILER=arm-xilinx-eabi-gcc" "ARCHIVER=arm-xilinx-eabi-ar" "COMPILER_FLAGS=  -O2 -c" "EXTRA_COMPILER_FLAGS=-g"
Compiling gpiops
Running Make libs in ps7_cortexa9_0/libsrc/scuwdt_v2_1/src
make -C ps7_cortexa9_0/libsrc/scuwdt_v2_1/src -s libs  "SHELL=/bin/sh" "COMPILER=arm-xilinx-eabi-gcc" "ARCHIVER=arm-xilinx-eabi-ar" "COMPILER_FLAGS=  -O2 -c" "EXTRA_COMPILER_FLAGS=-g"
Compiling scuwdt
Running Make libs in ps7_cortexa9_0/libsrc/cpu_cortexa9_v2_1/src
make -C ps7_cortexa9_0/libsrc/cpu_cortexa9_v2_1/src -s libs  "SHELL=/bin/sh" "COMPILER=arm-xilinx-eabi-gcc" "ARCHIVER=arm-xilinx-eabi-ar" "COMPILER_FLAGS=  -O2 -c" "EXTRA_COMPILER_FLAGS=-g"
Compiling cpu_cortexa9
Running Make libs in ps7_cortexa9_0/libsrc/emacps_v3_1/src
make -C ps7_cortexa9_0/libsrc/emacps_v3_1/src -s libs  "SHELL=/bin/sh" "COMPILER=arm-xilinx-eabi-gcc" "ARCHIVER=arm-xilinx-eabi-ar" "COMPILER_FLAGS=  -O2 -c" "EXTRA_COMPILER_FLAGS=-g"
Compiling emacps
Running Make libs in ps7_cortexa9_0/libsrc/scugic_v3_1/src
make -C ps7_cortexa9_0/libsrc/scugic_v3_1/src -s libs  "SHELL=/bin/sh" "COMPILER=arm-xilinx-eabi-gcc" "ARCHIVER=arm-xilinx-eabi-ar" "COMPILER_FLAGS=  -O2 -c" "EXTRA_COMPILER_FLAGS=-g"
Compiling scugic
Running Make libs in ps7_cortexa9_0/libsrc/usbps_v2_2/src
make -C ps7_cortexa9_0/libsrc/usbps_v2_2/src -s libs  "SHELL=/bin/sh" "COMPILER=arm-xilinx-eabi-gcc" "ARCHIVER=arm-xilinx-eabi-ar" "COMPILER_FLAGS=  -O2 -c" "EXTRA_COMPILER_FLAGS=-g"
Compiling usbps
Running Make libs in ps7_cortexa9_0/libsrc/bram_v4_0/src
make -C ps7_cortexa9_0/libsrc/bram_v4_0/src -s libs  "SHELL=/bin/sh" "COMPILER=arm-xilinx-eabi-gcc" "ARCHIVER=arm-xilinx-eabi-ar" "COMPILER_FLAGS=  -O2 -c" "EXTRA_COMPILER_FLAGS=-g"
Compiling bram
Running Make libs in ps7_cortexa9_0/libsrc/scutimer_v2_1/src
make -C ps7_cortexa9_0/libsrc/scutimer_v2_1/src -s libs  "SHELL=/bin/sh" "COMPILER=arm-xilinx-eabi-gcc" "ARCHIVER=arm-xilinx-eabi-ar" "COMPILER_FLAGS=  -O2 -c" "EXTRA_COMPILER_FLAGS=-g"
Compiling scutimer
Running Make libs in ps7_cortexa9_0/libsrc/qspips_v3_2/src
make -C ps7_cortexa9_0/libsrc/qspips_v3_2/src -s libs  "SHELL=/bin/sh" "COMPILER=arm-xilinx-eabi-gcc" "ARCHIVER=arm-xilinx-eabi-ar" "COMPILER_FLAGS=  -O2 -c" "EXTRA_COMPILER_FLAGS=-g"
Compiling qspips
Finished building libraries
09:24:42 **** Build of configuration Debug for project fakher ****
make all 
Building file: ../src/testperiph.c
Invoking: ARM gcc compiler
arm-xilinx-eabi-gcc -Wall -O0 -g3 -c -fmessage-length=0 -MT"src/testperiph.o" -I../../standalone_bsp_0/ps7_cortexa9_0/include -MMD -MP -MF"src/testperiph.d" -MT"src/testperiph.d" -o "src/testperiph.o" "../src/testperiph.c"
Finished building: ../src/testperiph.c
 
Building file: ../src/xemacps_example_intr_dma.c
Invoking: ARM gcc compiler
arm-xilinx-eabi-gcc -Wall -O0 -g3 -c -fmessage-length=0 -MT"src/xemacps_example_intr_dma.o" -I../../standalone_bsp_0/ps7_cortexa9_0/include -MMD -MP -MF"src/xemacps_example_intr_dma.d" -MT"src/xemacps_example_intr_dma.d" -o "src/xemacps_example_intr_dma.o" "../src/xemacps_example_intr_dma.c"
../src/xemacps_example_intr_dma.c: In function 'EmacPsDmaSingleFrameIntrExample':
../src/xemacps_example_intr_dma.c:623:2: warning: implicit declaration of function 'ppu_test' [-Wimplicit-function-declaration]
  Status = ppu_test(EmacPsInstancePtr);
  ^
../src/xemacps_example_intr_dma.c: In function 'EmacPsDmaHunderedFrameIntrExample':
../src/xemacps_example_intr_dma.c:775:11: warning: passing argument 2 of 'XEmacPs_BdRingClone' from incompatible pointer type
           &BdRxPtr, XEMACPS_RECV);
           ^
In file included from ../../standalone_bsp_0/ps7_cortexa9_0/include/xemacps.h:336:0,
                 from ../src/xemacps_example.h:86,
                 from ../src/xemacps_example_intr_dma.c:118:
../../standalone_bsp_0/ps7_cortexa9_0/include/xemacps_bdring.h:215:6: note: expected 'UINTPTR (*)[2]' but argument is of type 'UINTPTR (**)[2]'
 LONG XEmacPs_BdRingClone(XEmacPs_BdRing * RingPtr, XEmacPs_Bd * SrcBdPtr,
      ^
../src/xemacps_example_intr_dma.c: At top level:
../src/xemacps_example_intr_dma.c:1322:6: warning: conflicting types for 'ppu_test'
 void ppu_test(XEmacPs *EmacPsInstancePtr)
      ^
../src/xemacps_example_intr_dma.c:623:11: note: previous implicit declaration of 'ppu_test' was here
  Status = ppu_test(EmacPsInstancePtr);
           ^
../src/xemacps_example_intr_dma.c: In function 'ppu_test':
../src/xemacps_example_intr_dma.c:1331:16: warning: assignment makes pointer from integer without a cast
  rxvd_buffer_0 = PACKET_BUFFER_0;
                ^
../src/xemacps_example_intr_dma.c:1332:16: warning: assignment makes pointer from integer without a cast
  rxvd_buffer_1 = PACKET_BUFFER_1;
                ^
../src/xemacps_example_intr_dma.c:1343:30: warning: passing argument 1 of 'EmacPsUtilFrameHdrFormatMAC' from incompatible pointer type
  EmacPsUtilFrameHdrFormatMAC(&TxBuffer[0][0], EmacPsMAC);
                              ^
In file included from ../src/xemacps_example_intr_dma.c:118:0:
../src/xemacps_example.h:117:6: note: expected 'char (*)[1536]' but argument is of type 'char *'
 void EmacPsUtilFrameHdrFormatMAC(EthernetFrame * FramePtr, char *DestAddr);
      ^
../src/xemacps_example_intr_dma.c:1361:37: warning: assignment makes integer from pointer without a cast
  *(u32*)(TX_BD_LIST_START_ADDRESS ) = &TxBuffer[0][0];
                                     ^
../src/xemacps_example_intr_dma.c:1375:47: warning: assignment makes integer from pointer without a cast
    *(u32*)(BUFFER_DESC_MEM + (bd_index * 8) ) = &RxBuffer[bd_index][0];
                                               ^
../src/xemacps_example_intr_dma.c:1376:4: warning: format '%d' expects argument of type 'int', but argument 2 has type 'u32' [-Wformat=]
    printf("\r\nRxBuffer Addr in BD%d: %8x is saved in PL \r\n", bd_index, &RxBuffer[bd_index][0]);
    ^
../src/xemacps_example_intr_dma.c:1376:4: warning: format '%x' expects argument of type 'unsigned int', but argument 3 has type 'char *' [-Wformat=]
../src/xemacps_example_intr_dma.c:1376:4: warning: format '%d' expects argument of type 'int', but argument 2 has type 'u32' [-Wformat=]
../src/xemacps_example_intr_dma.c:1376:4: warning: format '%x' expects argument of type 'unsigned int', but argument 3 has type 'char *' [-Wformat=]
../src/xemacps_example_intr_dma.c:1386:47: warning: assignment makes integer from pointer without a cast
    *(u32*)(BUFFER_DESC_MEM + (bd_index * 8) ) = &RxBuffer[bd_index][0];
                                               ^
../src/xemacps_example_intr_dma.c:1387:4: warning: format '%d' expects argument of type 'int', but argument 2 has type 'u32' [-Wformat=]
    printf("\r\nRxBuffer Addr in BD%d: %8x is saved in PL\r\n", bd_index, &RxBuffer[bd_index][0]);
    ^
../src/xemacps_example_intr_dma.c:1387:4: warning: format '%x' expects argument of type 'unsigned int', but argument 3 has type 'char *' [-Wformat=]
../src/xemacps_example_intr_dma.c:1387:4: warning: format '%d' expects argument of type 'int', but argument 2 has type 'u32' [-Wformat=]
../src/xemacps_example_intr_dma.c:1387:4: warning: format '%x' expects argument of type 'unsigned int', but argument 3 has type 'char *' [-Wformat=]
../src/xemacps_example_intr_dma.c:1416:2: warning: implicit declaration of function 'ReceiveDataVerify' [-Wimplicit-function-declaration]
  DataError = ReceiveDataVerify(&TxBuffer[0], PACKET_BUFFER_0, 1018);
  ^
../src/xemacps_example_intr_dma.c:1423:3: warning: format '%d' expects argument of type 'int', but argument 2 has type 'u32' [-Wformat=]
   printf("Error Count = %d", DataError);
   ^
../src/xemacps_example_intr_dma.c:1423:3: warning: format '%d' expects argument of type 'int', but argument 2 has type 'u32' [-Wformat=]
../src/xemacps_example_intr_dma.c:1434:2: warning: implicit declaration of function 'PrintData' [-Wimplicit-function-declaration]
  PrintData(PACKET_BUFFER_0);
  ^
../src/xemacps_example_intr_dma.c:1327:7: warning: unused variable 'temp_char' [-Wunused-variable]
  char temp_char;
       ^
../src/xemacps_example_intr_dma.c: At top level:
../src/xemacps_example_intr_dma.c:1450:6: warning: conflicting types for 'PrintData'
 void PrintData(char *data_ptr)
      ^
../src/xemacps_example_intr_dma.c:1434:2: note: previous implicit declaration of 'PrintData' was here
  PrintData(PACKET_BUFFER_0);
  ^
Finished building: ../src/xemacps_example_intr_dma.c
 
Building file: ../src/xemacps_example_util.c
Invoking: ARM gcc compiler
arm-xilinx-eabi-gcc -Wall -O0 -g3 -c -fmessage-length=0 -MT"src/xemacps_example_util.o" -I../../standalone_bsp_0/ps7_cortexa9_0/include -MMD -MP -MF"src/xemacps_example_util.d" -MT"src/xemacps_example_util.d" -o "src/xemacps_example_util.o" "../src/xemacps_example_util.c"
Finished building: ../src/xemacps_example_util.c
 
Building file: ../src/xscugic_tapp_example.c
Invoking: ARM gcc compiler
arm-xilinx-eabi-gcc -Wall -O0 -g3 -c -fmessage-length=0 -MT"src/xscugic_tapp_example.o" -I../../standalone_bsp_0/ps7_cortexa9_0/include -MMD -MP -MF"src/xscugic_tapp_example.d" -MT"src/xscugic_tapp_example.d" -o "src/xscugic_tapp_example.o" "../src/xscugic_tapp_example.c"
Finished building: ../src/xscugic_tapp_example.c
 
Building file: ../src/xscutimer_intr_example.c
Invoking: ARM gcc compiler
arm-xilinx-eabi-gcc -Wall -O0 -g3 -c -fmessage-length=0 -MT"src/xscutimer_intr_example.o" -I../../standalone_bsp_0/ps7_cortexa9_0/include -MMD -MP -MF"src/xscutimer_intr_example.d" -MT"src/xscutimer_intr_example.d" -o "src/xscutimer_intr_example.o" "../src/xscutimer_intr_example.c"
Finished building: ../src/xscutimer_intr_example.c
 
make: *** No rule to make target 'xemacps_example_intr_dma_org.o', needed by 'fakher.elf'.  Stop.

**** Build of configuration Debug for project fakhar_mod1 ****

Nothing to build for project fakhar_mod1
09:26:10 **** Auto Build of configuration Debug for project fakhar_mod1 ****
make all 
Building file: ../src/testperiph.c
Invoking: ARM gcc compiler
arm-xilinx-eabi-gcc -Wall -O0 -g3 -c -fmessage-length=0 -MT"src/testperiph.o" -I../../standalone_bsp_0/ps7_cortexa9_0/include -MMD -MP -MF"src/testperiph.d" -MT"src/testperiph.d" -o "src/testperiph.o" "../src/testperiph.c"
Finished building: ../src/testperiph.c
 
Building file: ../src/xemacps_example_intr_dma.c
Invoking: ARM gcc compiler
arm-xilinx-eabi-gcc -Wall -O0 -g3 -c -fmessage-length=0 -MT"src/xemacps_example_intr_dma.o" -I../../standalone_bsp_0/ps7_cortexa9_0/include -MMD -MP -MF"src/xemacps_example_intr_dma.d" -MT"src/xemacps_example_intr_dma.d" -o "src/xemacps_example_intr_dma.o" "../src/xemacps_example_intr_dma.c"
../src/xemacps_example_intr_dma.c: In function 'EmacPsDmaSingleFrameIntrExample':
../src/xemacps_example_intr_dma.c:623:2: warning: implicit declaration of function 'ppu_test' [-Wimplicit-function-declaration]
  Status = ppu_test(EmacPsInstancePtr);
  ^
../src/xemacps_example_intr_dma.c: In function 'EmacPsDmaHunderedFrameIntrExample':
../src/xemacps_example_intr_dma.c:775:11: warning: passing argument 2 of 'XEmacPs_BdRingClone' from incompatible pointer type
           &BdRxPtr, XEMACPS_RECV);
           ^
In file included from ../../standalone_bsp_0/ps7_cortexa9_0/include/xemacps.h:336:0,
                 from ../src/xemacps_example.h:86,
                 from ../src/xemacps_example_intr_dma.c:118:
../../standalone_bsp_0/ps7_cortexa9_0/include/xemacps_bdring.h:215:6: note: expected 'UINTPTR (*)[2]' but argument is of type 'UINTPTR (**)[2]'
 LONG XEmacPs_BdRingClone(XEmacPs_BdRing * RingPtr, XEmacPs_Bd * SrcBdPtr,
      ^
../src/xemacps_example_intr_dma.c: At top level:
../src/xemacps_example_intr_dma.c:1322:6: warning: conflicting types for 'ppu_test'
 void ppu_test(XEmacPs *EmacPsInstancePtr)
      ^
../src/xemacps_example_intr_dma.c:623:11: note: previous implicit declaration of 'ppu_test' was here
  Status = ppu_test(EmacPsInstancePtr);
           ^
../src/xemacps_example_intr_dma.c: In function 'ppu_test':
../src/xemacps_example_intr_dma.c:1331:16: warning: assignment makes pointer from integer without a cast
  rxvd_buffer_0 = PACKET_BUFFER_0;
                ^
../src/xemacps_example_intr_dma.c:1332:16: warning: assignment makes pointer from integer without a cast
  rxvd_buffer_1 = PACKET_BUFFER_1;
                ^
../src/xemacps_example_intr_dma.c:1343:30: warning: passing argument 1 of 'EmacPsUtilFrameHdrFormatMAC' from incompatible pointer type
  EmacPsUtilFrameHdrFormatMAC(&TxBuffer[0][0], EmacPsMAC);
                              ^
In file included from ../src/xemacps_example_intr_dma.c:118:0:
../src/xemacps_example.h:117:6: note: expected 'char (*)[1536]' but argument is of type 'char *'
 void EmacPsUtilFrameHdrFormatMAC(EthernetFrame * FramePtr, char *DestAddr);
      ^
../src/xemacps_example_intr_dma.c:1361:37: warning: assignment makes integer from pointer without a cast
  *(u32*)(TX_BD_LIST_START_ADDRESS ) = &TxBuffer[0][0];
                                     ^
../src/xemacps_example_intr_dma.c:1375:47: warning: assignment makes integer from pointer without a cast
    *(u32*)(BUFFER_DESC_MEM + (bd_index * 8) ) = &RxBuffer[bd_index][0];
                                               ^
../src/xemacps_example_intr_dma.c:1376:4: warning: format '%d' expects argument of type 'int', but argument 2 has type 'u32' [-Wformat=]
    printf("\r\nRxBuffer Addr in BD%d: %8x is saved in PL \r\n", bd_index, &RxBuffer[bd_index][0]);
    ^
../src/xemacps_example_intr_dma.c:1376:4: warning: format '%x' expects argument of type 'unsigned int', but argument 3 has type 'char *' [-Wformat=]
../src/xemacps_example_intr_dma.c:1376:4: warning: format '%d' expects argument of type 'int', but argument 2 has type 'u32' [-Wformat=]
../src/xemacps_example_intr_dma.c:1376:4: warning: format '%x' expects argument of type 'unsigned int', but argument 3 has type 'char *' [-Wformat=]
../src/xemacps_example_intr_dma.c:1386:47: warning: assignment makes integer from pointer without a cast
    *(u32*)(BUFFER_DESC_MEM + (bd_index * 8) ) = &RxBuffer[bd_index][0];
                                               ^
../src/xemacps_example_intr_dma.c:1387:4: warning: format '%d' expects argument of type 'int', but argument 2 has type 'u32' [-Wformat=]
    printf("\r\nRxBuffer Addr in BD%d: %8x is saved in PL\r\n", bd_index, &RxBuffer[bd_index][0]);
    ^
../src/xemacps_example_intr_dma.c:1387:4: warning: format '%x' expects argument of type 'unsigned int', but argument 3 has type 'char *' [-Wformat=]
../src/xemacps_example_intr_dma.c:1387:4: warning: format '%d' expects argument of type 'int', but argument 2 has type 'u32' [-Wformat=]
../src/xemacps_example_intr_dma.c:1387:4: warning: format '%x' expects argument of type 'unsigned int', but argument 3 has type 'char *' [-Wformat=]
../src/xemacps_example_intr_dma.c:1416:2: warning: implicit declaration of function 'ReceiveDataVerify' [-Wimplicit-function-declaration]
  DataError = ReceiveDataVerify(&TxBuffer[0], PACKET_BUFFER_0, 1018);
  ^
../src/xemacps_example_intr_dma.c:1423:3: warning: format '%d' expects argument of type 'int', but argument 2 has type 'u32' [-Wformat=]
   printf("Error Count = %d", DataError);
   ^
../src/xemacps_example_intr_dma.c:1423:3: warning: format '%d' expects argument of type 'int', but argument 2 has type 'u32' [-Wformat=]
../src/xemacps_example_intr_dma.c:1434:2: warning: implicit declaration of function 'PrintData' [-Wimplicit-function-declaration]
  PrintData(PACKET_BUFFER_0);
  ^
../src/xemacps_example_intr_dma.c:1327:7: warning: unused variable 'temp_char' [-Wunused-variable]
  char temp_char;
       ^
../src/xemacps_example_intr_dma.c: At top level:
../src/xemacps_example_intr_dma.c:1450:6: warning: conflicting types for 'PrintData'
 void PrintData(char *data_ptr)
      ^
../src/xemacps_example_intr_dma.c:1434:2: note: previous implicit declaration of 'PrintData' was here
  PrintData(PACKET_BUFFER_0);
  ^
Finished building: ../src/xemacps_example_intr_dma.c
 
Building file: ../src/xemacps_example_util.c
Invoking: ARM gcc compiler
arm-xilinx-eabi-gcc -Wall -O0 -g3 -c -fmessage-length=0 -MT"src/xemacps_example_util.o" -I../../standalone_bsp_0/ps7_cortexa9_0/include -MMD -MP -MF"src/xemacps_example_util.d" -MT"src/xemacps_example_util.d" -o "src/xemacps_example_util.o" "../src/xemacps_example_util.c"
Finished building: ../src/xemacps_example_util.c
 
Building file: ../src/xscugic_tapp_example.c
Invoking: ARM gcc compiler
arm-xilinx-eabi-gcc -Wall -O0 -g3 -c -fmessage-length=0 -MT"src/xscugic_tapp_example.o" -I../../standalone_bsp_0/ps7_cortexa9_0/include -MMD -MP -MF"src/xscugic_tapp_example.d" -MT"src/xscugic_tapp_example.d" -o "src/xscugic_tapp_example.o" "../src/xscugic_tapp_example.c"
Finished building: ../src/xscugic_tapp_example.c
 
Building file: ../src/xscutimer_intr_example.c
Invoking: ARM gcc compiler
arm-xilinx-eabi-gcc -Wall -O0 -g3 -c -fmessage-length=0 -MT"src/xscutimer_intr_example.o" -I../../standalone_bsp_0/ps7_cortexa9_0/include -MMD -MP -MF"src/xscutimer_intr_example.d" -MT"src/xscutimer_intr_example.d" -o "src/xscutimer_intr_example.o" "../src/xscutimer_intr_example.c"
Finished building: ../src/xscutimer_intr_example.c
 
Building target: fakhar_mod1.elf
Invoking: ARM gcc linker
arm-xilinx-eabi-gcc -Wl,-T -Wl,../src/lscript.ld -L../../standalone_bsp_0/ps7_cortexa9_0/lib -o "fakhar_mod1.elf"  ./src/testperiph.o ./src/xemacps_example_intr_dma.o ./src/xemacps_example_util.o ./src/xscugic_tapp_example.o ./src/xscutimer_intr_example.o   -Wl,--start-group,-lxil,-lgcc,-lc,--end-group
Finished building target: fakhar_mod1.elf
 
Invoking: ARM Print Size
arm-xilinx-eabi-size fakhar_mod1.elf  |tee "fakhar_mod1.elf.size"
   text	   data	    bss	    dec	    hex	filename
  87340	   3120	 128672	 219132	  357fc	fakhar_mod1.elf
Finished building: fakhar_mod1.elf.size
 
09:26:12 **** Auto Build of configuration Debug for project fakhar_mod1 ****
make all 
make: Nothing to be done for 'all'.
09:26:27 **** Incremental Build of configuration Debug for project fakhar_mod1 ****
make all 
make: Nothing to be done for 'all'.
09:26:43 **** Incremental Build of configuration Debug for project fakhar_mod1 ****
make all 
make: Nothing to be done for 'all'.
09:30:09 **** Auto Build of configuration Debug for project fakhar_mod1 ****
make all 
Building file: ../src/xemacps_example_intr_dma.c
Invoking: ARM gcc compiler
arm-xilinx-eabi-gcc -Wall -O0 -g3 -c -fmessage-length=0 -MT"src/xemacps_example_intr_dma.o" -I../../standalone_bsp_0/ps7_cortexa9_0/include -MMD -MP -MF"src/xemacps_example_intr_dma.d" -MT"src/xemacps_example_intr_dma.d" -o "src/xemacps_example_intr_dma.o" "../src/xemacps_example_intr_dma.c"
../src/xemacps_example_intr_dma.c: In function 'EmacPsDmaSingleFrameIntrExample':
../src/xemacps_example_intr_dma.c:623:2: warning: implicit declaration of function 'ppu_test' [-Wimplicit-function-declaration]
  Status = ppu_test(EmacPsInstancePtr);
  ^
../src/xemacps_example_intr_dma.c: At top level:
../src/xemacps_example_intr_dma.c:1322:6: warning: conflicting types for 'ppu_test'
 void ppu_test(XEmacPs *EmacPsInstancePtr)
      ^
../src/xemacps_example_intr_dma.c:623:11: note: previous implicit declaration of 'ppu_test' was here
  Status = ppu_test(EmacPsInstancePtr);
           ^
../src/xemacps_example_intr_dma.c: In function 'ppu_test':
../src/xemacps_example_intr_dma.c:1331:16: warning: assignment makes pointer from integer without a cast
  rxvd_buffer_0 = PACKET_BUFFER_0;
                ^
../src/xemacps_example_intr_dma.c:1332:16: warning: assignment makes pointer from integer without a cast
  rxvd_buffer_1 = PACKET_BUFFER_1;
                ^
../src/xemacps_example_intr_dma.c:1343:30: warning: passing argument 1 of 'EmacPsUtilFrameHdrFormatMAC' from incompatible pointer type
  EmacPsUtilFrameHdrFormatMAC(&TxBuffer[0][0], EmacPsMAC);
                              ^
In file included from ../src/xemacps_example_intr_dma.c:118:0:
../src/xemacps_example.h:117:6: note: expected 'char (*)[1536]' but argument is of type 'char *'
 void EmacPsUtilFrameHdrFormatMAC(EthernetFrame * FramePtr, char *DestAddr);
      ^
../src/xemacps_example_intr_dma.c:1361:37: warning: assignment makes integer from pointer without a cast
  *(u32*)(TX_BD_LIST_START_ADDRESS ) = &TxBuffer[0][0];
                                     ^
../src/xemacps_example_intr_dma.c:1375:47: warning: assignment makes integer from pointer without a cast
    *(u32*)(BUFFER_DESC_MEM + (bd_index * 8) ) = &RxBuffer[bd_index][0];
                                               ^
../src/xemacps_example_intr_dma.c:1376:4: warning: format '%d' expects argument of type 'int', but argument 2 has type 'u32' [-Wformat=]
    printf("\r\nRxBuffer Addr in BD%d: %8x is saved in PL \r\n", bd_index, &RxBuffer[bd_index][0]);
    ^
../src/xemacps_example_intr_dma.c:1376:4: warning: format '%x' expects argument of type 'unsigned int', but argument 3 has type 'char *' [-Wformat=]
../src/xemacps_example_intr_dma.c:1376:4: warning: format '%d' expects argument of type 'int', but argument 2 has type 'u32' [-Wformat=]
../src/xemacps_example_intr_dma.c:1376:4: warning: format '%x' expects argument of type 'unsigned int', but argument 3 has type 'char *' [-Wformat=]
../src/xemacps_example_intr_dma.c:1386:47: warning: assignment makes integer from pointer without a cast
    *(u32*)(BUFFER_DESC_MEM + (bd_index * 8) ) = &RxBuffer[bd_index][0];
                                               ^
../src/xemacps_example_intr_dma.c:1387:4: warning: format '%d' expects argument of type 'int', but argument 2 has type 'u32' [-Wformat=]
    printf("\r\nRxBuffer Addr in BD%d: %8x is saved in PL\r\n", bd_index, &RxBuffer[bd_index][0]);
    ^
../src/xemacps_example_intr_dma.c:1387:4: warning: format '%x' expects argument of type 'unsigned int', but argument 3 has type 'char *' [-Wformat=]
../src/xemacps_example_intr_dma.c:1387:4: warning: format '%d' expects argument of type 'int', but argument 2 has type 'u32' [-Wformat=]
../src/xemacps_example_intr_dma.c:1387:4: warning: format '%x' expects argument of type 'unsigned int', but argument 3 has type 'char *' [-Wformat=]
../src/xemacps_example_intr_dma.c:1416:2: warning: implicit declaration of function 'ReceiveDataVerify' [-Wimplicit-function-declaration]
  DataError = ReceiveDataVerify(&TxBuffer[0], PACKET_BUFFER_0, 1018);
  ^
../src/xemacps_example_intr_dma.c:1423:3: warning: format '%d' expects argument of type 'int', but argument 2 has type 'u32' [-Wformat=]
   printf("Error Count = %d", DataError);
   ^
../src/xemacps_example_intr_dma.c:1423:3: warning: format '%d' expects argument of type 'int', but argument 2 has type 'u32' [-Wformat=]
../src/xemacps_example_intr_dma.c:1434:2: warning: implicit declaration of function 'PrintData' [-Wimplicit-function-declaration]
  PrintData(PACKET_BUFFER_0);
  ^
../src/xemacps_example_intr_dma.c:1327:7: warning: unused variable 'temp_char' [-Wunused-variable]
  char temp_char;
       ^
../src/xemacps_example_intr_dma.c: At top level:
../src/xemacps_example_intr_dma.c:1450:6: warning: conflicting types for 'PrintData'
 void PrintData(char *data_ptr)
      ^
../src/xemacps_example_intr_dma.c:1434:2: note: previous implicit declaration of 'PrintData' was here
  PrintData(PACKET_BUFFER_0);
  ^
Finished building: ../src/xemacps_example_intr_dma.c
 
Building target: fakhar_mod1.elf
Invoking: ARM gcc linker
arm-xilinx-eabi-gcc -Wl,-T -Wl,../src/lscript.ld -L../../standalone_bsp_0/ps7_cortexa9_0/lib -o "fakhar_mod1.elf"  ./src/testperiph.o ./src/xemacps_example_intr_dma.o ./src/xemacps_example_util.o ./src/xscugic_tapp_example.o ./src/xscutimer_intr_example.o   -Wl,--start-group,-lxil,-lgcc,-lc,--end-group
Finished building target: fakhar_mod1.elf
 
Invoking: ARM Print Size
arm-xilinx-eabi-size fakhar_mod1.elf  |tee "fakhar_mod1.elf.size"
   text	   data	    bss	    dec	    hex	filename
  87220	   3120	 128672	 219012	  35784	fakhar_mod1.elf
Finished building: fakhar_mod1.elf.size
 
09:30:18 **** Incremental Build of configuration Debug for project fakhar_mod1 ****
make all 
make: Nothing to be done for 'all'.
09:31:18 **** Auto Build of configuration Debug for project fakhar_mod1 ****
make all 
Building file: ../src/xemacps_example_intr_dma.c
Invoking: ARM gcc compiler
arm-xilinx-eabi-gcc -Wall -O0 -g3 -c -fmessage-length=0 -MT"src/xemacps_example_intr_dma.o" -I../../standalone_bsp_0/ps7_cortexa9_0/include -MMD -MP -MF"src/xemacps_example_intr_dma.d" -MT"src/xemacps_example_intr_dma.d" -o "src/xemacps_example_intr_dma.o" "../src/xemacps_example_intr_dma.c"
../src/xemacps_example_intr_dma.c: In function 'EmacPsDmaSingleFrameIntrExample':
../src/xemacps_example_intr_dma.c:623:2: warning: implicit declaration of function 'ppu_test' [-Wimplicit-function-declaration]
  Status = ppu_test(EmacPsInstancePtr);
  ^
../src/xemacps_example_intr_dma.c: At top level:
../src/xemacps_example_intr_dma.c:1322:6: warning: conflicting types for 'ppu_test'
 void ppu_test(XEmacPs *EmacPsInstancePtr)
      ^
../src/xemacps_example_intr_dma.c:623:11: note: previous implicit declaration of 'ppu_test' was here
  Status = ppu_test(EmacPsInstancePtr);
           ^
../src/xemacps_example_intr_dma.c: In function 'ppu_test':
../src/xemacps_example_intr_dma.c:1331:16: warning: assignment makes pointer from integer without a cast
  rxvd_buffer_0 = PACKET_BUFFER_0;
                ^
../src/xemacps_example_intr_dma.c:1332:16: warning: assignment makes pointer from integer without a cast
  rxvd_buffer_1 = PACKET_BUFFER_1;
                ^
../src/xemacps_example_intr_dma.c:1343:30: warning: passing argument 1 of 'EmacPsUtilFrameHdrFormatMAC' from incompatible pointer type
  EmacPsUtilFrameHdrFormatMAC(&TxBuffer[0][0], EmacPsMAC);
                              ^
In file included from ../src/xemacps_example_intr_dma.c:118:0:
../src/xemacps_example.h:117:6: note: expected 'char (*)[1536]' but argument is of type 'char *'
 void EmacPsUtilFrameHdrFormatMAC(EthernetFrame * FramePtr, char *DestAddr);
      ^
../src/xemacps_example_intr_dma.c:1361:37: warning: assignment makes integer from pointer without a cast
  *(u32*)(TX_BD_LIST_START_ADDRESS ) = &TxBuffer[0][0];
                                     ^
../src/xemacps_example_intr_dma.c:1375:47: warning: assignment makes integer from pointer without a cast
    *(u32*)(BUFFER_DESC_MEM + (bd_index * 8) ) = &RxBuffer[bd_index][0];
                                               ^
../src/xemacps_example_intr_dma.c:1376:4: warning: format '%d' expects argument of type 'int', but argument 2 has type 'u32' [-Wformat=]
    printf("\r\nRxBuffer Addr in BD%d: %8x is saved in PL \r\n", bd_index, &RxBuffer[bd_index][0]);
    ^
../src/xemacps_example_intr_dma.c:1376:4: warning: format '%x' expects argument of type 'unsigned int', but argument 3 has type 'char *' [-Wformat=]
../src/xemacps_example_intr_dma.c:1376:4: warning: format '%d' expects argument of type 'int', but argument 2 has type 'u32' [-Wformat=]
../src/xemacps_example_intr_dma.c:1376:4: warning: format '%x' expects argument of type 'unsigned int', but argument 3 has type 'char *' [-Wformat=]
../src/xemacps_example_intr_dma.c:1386:47: warning: assignment makes integer from pointer without a cast
    *(u32*)(BUFFER_DESC_MEM + (bd_index * 8) ) = &RxBuffer[bd_index][0];
                                               ^
../src/xemacps_example_intr_dma.c:1387:4: warning: format '%d' expects argument of type 'int', but argument 2 has type 'u32' [-Wformat=]
    printf("\r\nRxBuffer Addr in BD%d: %8x is saved in PL\r\n", bd_index, &RxBuffer[bd_index][0]);
    ^
../src/xemacps_example_intr_dma.c:1387:4: warning: format '%x' expects argument of type 'unsigned int', but argument 3 has type 'char *' [-Wformat=]
../src/xemacps_example_intr_dma.c:1387:4: warning: format '%d' expects argument of type 'int', but argument 2 has type 'u32' [-Wformat=]
../src/xemacps_example_intr_dma.c:1387:4: warning: format '%x' expects argument of type 'unsigned int', but argument 3 has type 'char *' [-Wformat=]
../src/xemacps_example_intr_dma.c:1416:2: warning: implicit declaration of function 'ReceiveDataVerify' [-Wimplicit-function-declaration]
  DataError = ReceiveDataVerify(&TxBuffer[0], PACKET_BUFFER_0, 1018);
  ^
../src/xemacps_example_intr_dma.c:1423:3: warning: format '%d' expects argument of type 'int', but argument 2 has type 'u32' [-Wformat=]
   printf("Error Count = %d", DataError);
   ^
../src/xemacps_example_intr_dma.c:1423:3: warning: format '%d' expects argument of type 'int', but argument 2 has type 'u32' [-Wformat=]
../src/xemacps_example_intr_dma.c:1434:2: warning: implicit declaration of function 'PrintData' [-Wimplicit-function-declaration]
  PrintData(PACKET_BUFFER_0);
  ^
../src/xemacps_example_intr_dma.c:1327:7: warning: unused variable 'temp_char' [-Wunused-variable]
  char temp_char;
       ^
../src/xemacps_example_intr_dma.c: At top level:
../src/xemacps_example_intr_dma.c:1450:6: warning: conflicting types for 'PrintData'
 void PrintData(char *data_ptr)
      ^
../src/xemacps_example_intr_dma.c:1434:2: note: previous implicit declaration of 'PrintData' was here
  PrintData(PACKET_BUFFER_0);
  ^
Finished building: ../src/xemacps_example_intr_dma.c
 
Building target: fakhar_mod1.elf
Invoking: ARM gcc linker
arm-xilinx-eabi-gcc -Wl,-T -Wl,../src/lscript.ld -L../../standalone_bsp_0/ps7_cortexa9_0/lib -o "fakhar_mod1.elf"  ./src/testperiph.o ./src/xemacps_example_intr_dma.o ./src/xemacps_example_util.o ./src/xscugic_tapp_example.o ./src/xscutimer_intr_example.o   -Wl,--start-group,-lxil,-lgcc,-lc,--end-group
Finished building target: fakhar_mod1.elf
 
Invoking: ARM Print Size
arm-xilinx-eabi-size fakhar_mod1.elf  |tee "fakhar_mod1.elf.size"
   text	   data	    bss	    dec	    hex	filename
  87220	   3120	 128672	 219012	  35784	fakhar_mod1.elf
Finished building: fakhar_mod1.elf.size
 
09:33:21 **** Auto Build of configuration Debug for project fakhar_mod1 ****
make all 
Building file: ../src/xemacps_example_intr_dma.c
Invoking: ARM gcc compiler
arm-xilinx-eabi-gcc -Wall -O0 -g3 -c -fmessage-length=0 -MT"src/xemacps_example_intr_dma.o" -I../../standalone_bsp_0/ps7_cortexa9_0/include -MMD -MP -MF"src/xemacps_example_intr_dma.d" -MT"src/xemacps_example_intr_dma.d" -o "src/xemacps_example_intr_dma.o" "../src/xemacps_example_intr_dma.c"
../src/xemacps_example_intr_dma.c: In function 'EmacPsDmaSingleFrameIntrExample':
../src/xemacps_example_intr_dma.c:623:2: warning: implicit declaration of function 'ppu_test' [-Wimplicit-function-declaration]
  Status = ppu_test(EmacPsInstancePtr);
  ^
../src/xemacps_example_intr_dma.c:690:3: error: too many arguments to function 'EmacPsUtilErrorTrap'
   EmacPsUtilErrorTrap("Length mismatch %d",XEmacPs_BdGetLength(BdRxPtr));
   ^
In file included from ../src/xemacps_example_intr_dma.c:118:0:
../src/xemacps_example.h:125:6: note: declared here
 void EmacPsUtilErrorTrap(const char *Message);
      ^
../src/xemacps_example_intr_dma.c: At top level:
../src/xemacps_example_intr_dma.c:1322:6: warning: conflicting types for 'ppu_test'
 void ppu_test(XEmacPs *EmacPsInstancePtr)
      ^
../src/xemacps_example_intr_dma.c:623:11: note: previous implicit declaration of 'ppu_test' was here
  Status = ppu_test(EmacPsInstancePtr);
           ^
../src/xemacps_example_intr_dma.c: In function 'ppu_test':
../src/xemacps_example_intr_dma.c:1331:16: warning: assignment makes pointer from integer without a cast
  rxvd_buffer_0 = PACKET_BUFFER_0;
                ^
../src/xemacps_example_intr_dma.c:1332:16: warning: assignment makes pointer from integer without a cast
  rxvd_buffer_1 = PACKET_BUFFER_1;
                ^
../src/xemacps_example_intr_dma.c:1343:30: warning: passing argument 1 of 'EmacPsUtilFrameHdrFormatMAC' from incompatible pointer type
  EmacPsUtilFrameHdrFormatMAC(&TxBuffer[0][0], EmacPsMAC);
                              ^
In file included from ../src/xemacps_example_intr_dma.c:118:0:
../src/xemacps_example.h:117:6: note: expected 'char (*)[1536]' but argument is of type 'char *'
 void EmacPsUtilFrameHdrFormatMAC(EthernetFrame * FramePtr, char *DestAddr);
      ^
../src/xemacps_example_intr_dma.c:1361:37: warning: assignment makes integer from pointer without a cast
  *(u32*)(TX_BD_LIST_START_ADDRESS ) = &TxBuffer[0][0];
                                     ^
../src/xemacps_example_intr_dma.c:1375:47: warning: assignment makes integer from pointer without a cast
    *(u32*)(BUFFER_DESC_MEM + (bd_index * 8) ) = &RxBuffer[bd_index][0];
                                               ^
../src/xemacps_example_intr_dma.c:1376:4: warning: format '%d' expects argument of type 'int', but argument 2 has type 'u32' [-Wformat=]
src/subdir.mk:33: recipe for target 'src/xemacps_example_intr_dma.o' failed
    printf("\r\nRxBuffer Addr in BD%d: %8x is saved in PL \r\n", bd_index, &RxBuffer[bd_index][0]);
    ^
../src/xemacps_example_intr_dma.c:1376:4: warning: format '%x' expects argument of type 'unsigned int', but argument 3 has type 'char *' [-Wformat=]
../src/xemacps_example_intr_dma.c:1376:4: warning: format '%d' expects argument of type 'int', but argument 2 has type 'u32' [-Wformat=]
../src/xemacps_example_intr_dma.c:1376:4: warning: format '%x' expects argument of type 'unsigned int', but argument 3 has type 'char *' [-Wformat=]
../src/xemacps_example_intr_dma.c:1386:47: warning: assignment makes integer from pointer without a cast
    *(u32*)(BUFFER_DESC_MEM + (bd_index * 8) ) = &RxBuffer[bd_index][0];
                                               ^
../src/xemacps_example_intr_dma.c:1387:4: warning: format '%d' expects argument of type 'int', but argument 2 has type 'u32' [-Wformat=]
    printf("\r\nRxBuffer Addr in BD%d: %8x is saved in PL\r\n", bd_index, &RxBuffer[bd_index][0]);
    ^
../src/xemacps_example_intr_dma.c:1387:4: warning: format '%x' expects argument of type 'unsigned int', but argument 3 has type 'char *' [-Wformat=]
../src/xemacps_example_intr_dma.c:1387:4: warning: format '%d' expects argument of type 'int', but argument 2 has type 'u32' [-Wformat=]
../src/xemacps_example_intr_dma.c:1387:4: warning: format '%x' expects argument of type 'unsigned int', but argument 3 has type 'char *' [-Wformat=]
../src/xemacps_example_intr_dma.c:1416:2: warning: implicit declaration of function 'ReceiveDataVerify' [-Wimplicit-function-declaration]
  DataError = ReceiveDataVerify(&TxBuffer[0], PACKET_BUFFER_0, 1018);
  ^
../src/xemacps_example_intr_dma.c:1423:3: warning: format '%d' expects argument of type 'int', but argument 2 has type 'u32' [-Wformat=]
   printf("Error Count = %d", DataError);
   ^
../src/xemacps_example_intr_dma.c:1423:3: warning: format '%d' expects argument of type 'int', but argument 2 has type 'u32' [-Wformat=]
../src/xemacps_example_intr_dma.c:1434:2: warning: implicit declaration of function 'PrintData' [-Wimplicit-function-declaration]
  PrintData(PACKET_BUFFER_0);
  ^
../src/xemacps_example_intr_dma.c:1327:7: warning: unused variable 'temp_char' [-Wunused-variable]
  char temp_char;
       ^
../src/xemacps_example_intr_dma.c: At top level:
../src/xemacps_example_intr_dma.c:1450:6: warning: conflicting types for 'PrintData'
 void PrintData(char *data_ptr)
      ^
../src/xemacps_example_intr_dma.c:1434:2: note: previous implicit declaration of 'PrintData' was here
  PrintData(PACKET_BUFFER_0);
  ^
make: *** [src/xemacps_example_intr_dma.o] Error 1
09:34:21 **** Auto Build of configuration Debug for project fakhar_mod1 ****
make all 
Building file: ../src/xemacps_example_intr_dma.c
Invoking: ARM gcc compiler
arm-xilinx-eabi-gcc -Wall -O0 -g3 -c -fmessage-length=0 -MT"src/xemacps_example_intr_dma.o" -I../../standalone_bsp_0/ps7_cortexa9_0/include -MMD -MP -MF"src/xemacps_example_intr_dma.d" -MT"src/xemacps_example_intr_dma.d" -o "src/xemacps_example_intr_dma.o" "../src/xemacps_example_intr_dma.c"
../src/xemacps_example_intr_dma.c: In function 'EmacPsDmaSingleFrameIntrExample':
../src/xemacps_example_intr_dma.c:623:2: warning: implicit declaration of function 'ppu_test' [-Wimplicit-function-declaration]
  Status = ppu_test(EmacPsInstancePtr);
  ^
../src/xemacps_example_intr_dma.c: At top level:
../src/xemacps_example_intr_dma.c:1323:6: warning: conflicting types for 'ppu_test'
 void ppu_test(XEmacPs *EmacPsInstancePtr)
      ^
../src/xemacps_example_intr_dma.c:623:11: note: previous implicit declaration of 'ppu_test' was here
  Status = ppu_test(EmacPsInstancePtr);
           ^
../src/xemacps_example_intr_dma.c: In function 'ppu_test':
../src/xemacps_example_intr_dma.c:1332:16: warning: assignment makes pointer from integer without a cast
  rxvd_buffer_0 = PACKET_BUFFER_0;
                ^
../src/xemacps_example_intr_dma.c:1333:16: warning: assignment makes pointer from integer without a cast
  rxvd_buffer_1 = PACKET_BUFFER_1;
                ^
../src/xemacps_example_intr_dma.c:1344:30: warning: passing argument 1 of 'EmacPsUtilFrameHdrFormatMAC' from incompatible pointer type
  EmacPsUtilFrameHdrFormatMAC(&TxBuffer[0][0], EmacPsMAC);
                              ^
In file included from ../src/xemacps_example_intr_dma.c:118:0:
../src/xemacps_example.h:117:6: note: expected 'char (*)[1536]' but argument is of type 'char *'
 void EmacPsUtilFrameHdrFormatMAC(EthernetFrame * FramePtr, char *DestAddr);
      ^
../src/xemacps_example_intr_dma.c:1362:37: warning: assignment makes integer from pointer without a cast
  *(u32*)(TX_BD_LIST_START_ADDRESS ) = &TxBuffer[0][0];
                                     ^
../src/xemacps_example_intr_dma.c:1376:47: warning: assignment makes integer from pointer without a cast
    *(u32*)(BUFFER_DESC_MEM + (bd_index * 8) ) = &RxBuffer[bd_index][0];
                                               ^
../src/xemacps_example_intr_dma.c:1377:4: warning: format '%d' expects argument of type 'int', but argument 2 has type 'u32' [-Wformat=]
    printf("\r\nRxBuffer Addr in BD%d: %8x is saved in PL \r\n", bd_index, &RxBuffer[bd_index][0]);
    ^
../src/xemacps_example_intr_dma.c:1377:4: warning: format '%x' expects argument of type 'unsigned int', but argument 3 has type 'char *' [-Wformat=]
../src/xemacps_example_intr_dma.c:1377:4: warning: format '%d' expects argument of type 'int', but argument 2 has type 'u32' [-Wformat=]
../src/xemacps_example_intr_dma.c:1377:4: warning: format '%x' expects argument of type 'unsigned int', but argument 3 has type 'char *' [-Wformat=]
../src/xemacps_example_intr_dma.c:1387:47: warning: assignment makes integer from pointer without a cast
    *(u32*)(BUFFER_DESC_MEM + (bd_index * 8) ) = &RxBuffer[bd_index][0];
                                               ^
../src/xemacps_example_intr_dma.c:1388:4: warning: format '%d' expects argument of type 'int', but argument 2 has type 'u32' [-Wformat=]
    printf("\r\nRxBuffer Addr in BD%d: %8x is saved in PL\r\n", bd_index, &RxBuffer[bd_index][0]);
    ^
../src/xemacps_example_intr_dma.c:1388:4: warning: format '%x' expects argument of type 'unsigned int', but argument 3 has type 'char *' [-Wformat=]
../src/xemacps_example_intr_dma.c:1388:4: warning: format '%d' expects argument of type 'int', but argument 2 has type 'u32' [-Wformat=]
../src/xemacps_example_intr_dma.c:1388:4: warning: format '%x' expects argument of type 'unsigned int', but argument 3 has type 'char *' [-Wformat=]
../src/xemacps_example_intr_dma.c:1417:2: warning: implicit declaration of function 'ReceiveDataVerify' [-Wimplicit-function-declaration]
  DataError = ReceiveDataVerify(&TxBuffer[0], PACKET_BUFFER_0, 1018);
  ^
../src/xemacps_example_intr_dma.c:1424:3: warning: format '%d' expects argument of type 'int', but argument 2 has type 'u32' [-Wformat=]
   printf("Error Count = %d", DataError);
   ^
../src/xemacps_example_intr_dma.c:1424:3: warning: format '%d' expects argument of type 'int', but argument 2 has type 'u32' [-Wformat=]
../src/xemacps_example_intr_dma.c:1435:2: warning: implicit declaration of function 'PrintData' [-Wimplicit-function-declaration]
  PrintData(PACKET_BUFFER_0);
  ^
../src/xemacps_example_intr_dma.c:1328:7: warning: unused variable 'temp_char' [-Wunused-variable]
  char temp_char;
       ^
../src/xemacps_example_intr_dma.c: At top level:
../src/xemacps_example_intr_dma.c:1451:6: warning: conflicting types for 'PrintData'
 void PrintData(char *data_ptr)
      ^
../src/xemacps_example_intr_dma.c:1435:2: note: previous implicit declaration of 'PrintData' was here
  PrintData(PACKET_BUFFER_0);
  ^
Finished building: ../src/xemacps_example_intr_dma.c
 
Building target: fakhar_mod1.elf
Invoking: ARM gcc linker
arm-xilinx-eabi-gcc -Wl,-T -Wl,../src/lscript.ld -L../../standalone_bsp_0/ps7_cortexa9_0/lib -o "fakhar_mod1.elf"  ./src/testperiph.o ./src/xemacps_example_intr_dma.o ./src/xemacps_example_util.o ./src/xscugic_tapp_example.o ./src/xscutimer_intr_example.o   -Wl,--start-group,-lxil,-lgcc,-lc,--end-group
Finished building target: fakhar_mod1.elf
 
Invoking: ARM Print Size
arm-xilinx-eabi-size fakhar_mod1.elf  |tee "fakhar_mod1.elf.size"
   text	   data	    bss	    dec	    hex	filename
  87220	   3120	 128672	 219012	  35784	fakhar_mod1.elf
Finished building: fakhar_mod1.elf.size
 
09:34:30 **** Incremental Build of configuration Debug for project fakhar_mod1 ****
make all 
make: Nothing to be done for 'all'.
09:36:09 **** Auto Build of configuration Debug for project fakhar_mod1 ****
make all 
Building file: ../src/xemacps_example_intr_dma.c
Invoking: ARM gcc compiler
arm-xilinx-eabi-gcc -Wall -O0 -g3 -c -fmessage-length=0 -MT"src/xemacps_example_intr_dma.o" -I../../standalone_bsp_0/ps7_cortexa9_0/include -MMD -MP -MF"src/xemacps_example_intr_dma.d" -MT"src/xemacps_example_intr_dma.d" -o "src/xemacps_example_intr_dma.o" "../src/xemacps_example_intr_dma.c"
../src/xemacps_example_intr_dma.c: In function 'EmacPsDmaSingleFrameIntrExample':
../src/xemacps_example_intr_dma.c:623:2: warning: implicit declaration of function 'ppu_test' [-Wimplicit-function-declaration]
  Status = ppu_test(EmacPsInstancePtr);
  ^
../src/xemacps_example_intr_dma.c: At top level:
../src/xemacps_example_intr_dma.c:1323:6: warning: conflicting types for 'ppu_test'
 void ppu_test(XEmacPs *EmacPsInstancePtr)
      ^
../src/xemacps_example_intr_dma.c:623:11: note: previous implicit declaration of 'ppu_test' was here
  Status = ppu_test(EmacPsInstancePtr);
           ^
../src/xemacps_example_intr_dma.c: In function 'ppu_test':
../src/xemacps_example_intr_dma.c:1332:16: warning: assignment makes pointer from integer without a cast
  rxvd_buffer_0 = PACKET_BUFFER_0;
                ^
../src/xemacps_example_intr_dma.c:1333:16: warning: assignment makes pointer from integer without a cast
  rxvd_buffer_1 = PACKET_BUFFER_1;
                ^
../src/xemacps_example_intr_dma.c:1344:30: warning: passing argument 1 of 'EmacPsUtilFrameHdrFormatMAC' from incompatible pointer type
  EmacPsUtilFrameHdrFormatMAC(&TxBuffer[0][0], EmacPsMAC);
                              ^
In file included from ../src/xemacps_example_intr_dma.c:118:0:
../src/xemacps_example.h:117:6: note: expected 'char (*)[1536]' but argument is of type 'char *'
 void EmacPsUtilFrameHdrFormatMAC(EthernetFrame * FramePtr, char *DestAddr);
      ^
../src/xemacps_example_intr_dma.c:1362:37: warning: assignment makes integer from pointer without a cast
  *(u32*)(TX_BD_LIST_START_ADDRESS ) = &TxBuffer[0][0];
                                     ^
../src/xemacps_example_intr_dma.c:1376:47: warning: assignment makes integer from pointer without a cast
    *(u32*)(BUFFER_DESC_MEM + (bd_index * 8) ) = &RxBuffer[bd_index][0];
                                               ^
../src/xemacps_example_intr_dma.c:1377:4: warning: format '%d' expects argument of type 'int', but argument 2 has type 'u32' [-Wformat=]
    printf("\r\nRxBuffer Addr in BD%d: %8x is saved in PL \r\n", bd_index, &RxBuffer[bd_index][0]);
    ^
../src/xemacps_example_intr_dma.c:1377:4: warning: format '%x' expects argument of type 'unsigned int', but argument 3 has type 'char *' [-Wformat=]
../src/xemacps_example_intr_dma.c:1377:4: warning: format '%d' expects argument of type 'int', but argument 2 has type 'u32' [-Wformat=]
../src/xemacps_example_intr_dma.c:1377:4: warning: format '%x' expects argument of type 'unsigned int', but argument 3 has type 'char *' [-Wformat=]
../src/xemacps_example_intr_dma.c:1387:47: warning: assignment makes integer from pointer without a cast
    *(u32*)(BUFFER_DESC_MEM + (bd_index * 8) ) = &RxBuffer[bd_index][0];
                                               ^
../src/xemacps_example_intr_dma.c:1388:4: warning: format '%d' expects argument of type 'int', but argument 2 has type 'u32' [-Wformat=]
    printf("\r\nRxBuffer Addr in BD%d: %8x is saved in PL\r\n", bd_index, &RxBuffer[bd_index][0]);
    ^
../src/xemacps_example_intr_dma.c:1388:4: warning: format '%x' expects argument of type 'unsigned int', but argument 3 has type 'char *' [-Wformat=]
../src/xemacps_example_intr_dma.c:1388:4: warning: format '%d' expects argument of type 'int', but argument 2 has type 'u32' [-Wformat=]
../src/xemacps_example_intr_dma.c:1388:4: warning: format '%x' expects argument of type 'unsigned int', but argument 3 has type 'char *' [-Wformat=]
../src/xemacps_example_intr_dma.c:1417:2: warning: implicit declaration of function 'ReceiveDataVerify' [-Wimplicit-function-declaration]
  DataError = ReceiveDataVerify(&TxBuffer[0], PACKET_BUFFER_0, 1018);
  ^
../src/xemacps_example_intr_dma.c:1424:3: warning: format '%d' expects argument of type 'int', but argument 2 has type 'u32' [-Wformat=]
   printf("Error Count = %d", DataError);
   ^
../src/xemacps_example_intr_dma.c:1424:3: warning: format '%d' expects argument of type 'int', but argument 2 has type 'u32' [-Wformat=]
../src/xemacps_example_intr_dma.c:1435:2: warning: implicit declaration of function 'PrintData' [-Wimplicit-function-declaration]
  PrintData(PACKET_BUFFER_0);
  ^
../src/xemacps_example_intr_dma.c:1328:7: warning: unused variable 'temp_char' [-Wunused-variable]
  char temp_char;
       ^
../src/xemacps_example_intr_dma.c: At top level:
../src/xemacps_example_intr_dma.c:1451:6: warning: conflicting types for 'PrintData'
 void PrintData(char *data_ptr)
      ^
../src/xemacps_example_intr_dma.c:1435:2: note: previous implicit declaration of 'PrintData' was here
  PrintData(PACKET_BUFFER_0);
  ^
Finished building: ../src/xemacps_example_intr_dma.c
 
Building target: fakhar_mod1.elf
Invoking: ARM gcc linker
arm-xilinx-eabi-gcc -Wl,-T -Wl,../src/lscript.ld -L../../standalone_bsp_0/ps7_cortexa9_0/lib -o "fakhar_mod1.elf"  ./src/testperiph.o ./src/xemacps_example_intr_dma.o ./src/xemacps_example_util.o ./src/xscugic_tapp_example.o ./src/xscutimer_intr_example.o   -Wl,--start-group,-lxil,-lgcc,-lc,--end-group
Finished building target: fakhar_mod1.elf
 
Invoking: ARM Print Size
arm-xilinx-eabi-size fakhar_mod1.elf  |tee "fakhar_mod1.elf.size"
   text	   data	    bss	    dec	    hex	filename
  87308	   3120	 128672	 219100	  357dc	fakhar_mod1.elf
Finished building: fakhar_mod1.elf.size
 
09:36:35 **** Incremental Build of configuration Debug for project fakhar_mod1 ****
make all 
make: Nothing to be done for 'all'.
09:41:17 **** Auto Build of configuration Debug for project fakhar_mod1 ****
make all 
Building file: ../src/xemacps_example_intr_dma.c
Invoking: ARM gcc compiler
arm-xilinx-eabi-gcc -Wall -O0 -g3 -c -fmessage-length=0 -MT"src/xemacps_example_intr_dma.o" -I../../standalone_bsp_0/ps7_cortexa9_0/include -MMD -MP -MF"src/xemacps_example_intr_dma.d" -MT"src/xemacps_example_intr_dma.d" -o "src/xemacps_example_intr_dma.o" "../src/xemacps_example_intr_dma.c"
../src/xemacps_example_intr_dma.c: In function 'EmacPsDmaSingleFrameIntrExample':
../src/xemacps_example_intr_dma.c:623:2: warning: implicit declaration of function 'ppu_test' [-Wimplicit-function-declaration]
  Status = ppu_test(EmacPsInstancePtr);
  ^
../src/xemacps_example_intr_dma.c: At top level:
../src/xemacps_example_intr_dma.c:1323:6: warning: conflicting types for 'ppu_test'
 void ppu_test(XEmacPs *EmacPsInstancePtr)
      ^
../src/xemacps_example_intr_dma.c:623:11: note: previous implicit declaration of 'ppu_test' was here
  Status = ppu_test(EmacPsInstancePtr);
           ^
../src/xemacps_example_intr_dma.c: In function 'ppu_test':
../src/xemacps_example_intr_dma.c:1332:16: warning: assignment makes pointer from integer without a cast
  rxvd_buffer_0 = PACKET_BUFFER_0;
                ^
../src/xemacps_example_intr_dma.c:1333:16: warning: assignment makes pointer from integer without a cast
  rxvd_buffer_1 = PACKET_BUFFER_1;
                ^
../src/xemacps_example_intr_dma.c:1344:30: warning: passing argument 1 of 'EmacPsUtilFrameHdrFormatMAC' from incompatible pointer type
  EmacPsUtilFrameHdrFormatMAC(&TxBuffer[0][0], EmacPsMAC);
                              ^
In file included from ../src/xemacps_example_intr_dma.c:118:0:
../src/xemacps_example.h:117:6: note: expected 'char (*)[1536]' but argument is of type 'char *'
 void EmacPsUtilFrameHdrFormatMAC(EthernetFrame * FramePtr, char *DestAddr);
      ^
../src/xemacps_example_intr_dma.c:1362:37: warning: assignment makes integer from pointer without a cast
  *(u32*)(TX_BD_LIST_START_ADDRESS ) = &TxBuffer[0][0];
                                     ^
../src/xemacps_example_intr_dma.c:1376:47: warning: assignment makes integer from pointer without a cast
    *(u32*)(BUFFER_DESC_MEM + (bd_index * 8) ) = &RxBuffer[bd_index][0];
                                               ^
../src/xemacps_example_intr_dma.c:1377:4: warning: format '%d' expects argument of type 'int', but argument 2 has type 'u32' [-Wformat=]
    printf("\r\nRxBuffer Addr in BD%d: %8x is saved in PL \r\n", bd_index, &RxBuffer[bd_index][0]);
    ^
../src/xemacps_example_intr_dma.c:1377:4: warning: format '%x' expects argument of type 'unsigned int', but argument 3 has type 'char *' [-Wformat=]
../src/xemacps_example_intr_dma.c:1377:4: warning: format '%d' expects argument of type 'int', but argument 2 has type 'u32' [-Wformat=]
../src/xemacps_example_intr_dma.c:1377:4: warning: format '%x' expects argument of type 'unsigned int', but argument 3 has type 'char *' [-Wformat=]
../src/xemacps_example_intr_dma.c:1387:47: warning: assignment makes integer from pointer without a cast
    *(u32*)(BUFFER_DESC_MEM + (bd_index * 8) ) = &RxBuffer[bd_index][0];
                                               ^
../src/xemacps_example_intr_dma.c:1388:4: warning: format '%d' expects argument of type 'int', but argument 2 has type 'u32' [-Wformat=]
    printf("\r\nRxBuffer Addr in BD%d: %8x is saved in PL\r\n", bd_index, &RxBuffer[bd_index][0]);
    ^
../src/xemacps_example_intr_dma.c:1388:4: warning: format '%x' expects argument of type 'unsigned int', but argument 3 has type 'char *' [-Wformat=]
../src/xemacps_example_intr_dma.c:1388:4: warning: format '%d' expects argument of type 'int', but argument 2 has type 'u32' [-Wformat=]
../src/xemacps_example_intr_dma.c:1388:4: warning: format '%x' expects argument of type 'unsigned int', but argument 3 has type 'char *' [-Wformat=]
../src/xemacps_example_intr_dma.c:1417:2: warning: implicit declaration of function 'ReceiveDataVerify' [-Wimplicit-function-declaration]
  DataError = ReceiveDataVerify(&TxBuffer[0], PACKET_BUFFER_0, 1018);
  ^
../src/xemacps_example_intr_dma.c:1424:3: warning: format '%d' expects argument of type 'int', but argument 2 has type 'u32' [-Wformat=]
   printf("Error Count = %d", DataError);
   ^
../src/xemacps_example_intr_dma.c:1424:3: warning: format '%d' expects argument of type 'int', but argument 2 has type 'u32' [-Wformat=]
../src/xemacps_example_intr_dma.c:1435:2: warning: implicit declaration of function 'PrintData' [-Wimplicit-function-declaration]
  PrintData(PACKET_BUFFER_0);
  ^
../src/xemacps_example_intr_dma.c:1328:7: warning: unused variable 'temp_char' [-Wunused-variable]
  char temp_char;
       ^
../src/xemacps_example_intr_dma.c: At top level:
../src/xemacps_example_intr_dma.c:1451:6: warning: conflicting types for 'PrintData'
 void PrintData(char *data_ptr)
      ^
../src/xemacps_example_intr_dma.c:1435:2: note: previous implicit declaration of 'PrintData' was here
  PrintData(PACKET_BUFFER_0);
  ^
Finished building: ../src/xemacps_example_intr_dma.c
 
Building target: fakhar_mod1.elf
Invoking: ARM gcc linker
arm-xilinx-eabi-gcc -Wl,-T -Wl,../src/lscript.ld -L../../standalone_bsp_0/ps7_cortexa9_0/lib -o "fakhar_mod1.elf"  ./src/testperiph.o ./src/xemacps_example_intr_dma.o ./src/xemacps_example_util.o ./src/xscugic_tapp_example.o ./src/xscutimer_intr_example.o   -Wl,--start-group,-lxil,-lgcc,-lc,--end-group
Finished building target: fakhar_mod1.elf
 
Invoking: ARM Print Size
arm-xilinx-eabi-size fakhar_mod1.elf  |tee "fakhar_mod1.elf.size"
   text	   data	    bss	    dec	    hex	filename
  87308	   3120	 128672	 219100	  357dc	fakhar_mod1.elf
Finished building: fakhar_mod1.elf.size
 
09:41:20 **** Incremental Build of configuration Debug for project fakhar_mod1 ****
make all 
make: Nothing to be done for 'all'.
09:43:40 **** Auto Build of configuration Debug for project fakhar_mod1 ****
make all 
Building file: ../src/xemacps_example_intr_dma.c
Invoking: ARM gcc compiler
arm-xilinx-eabi-gcc -Wall -O0 -g3 -c -fmessage-length=0 -MT"src/xemacps_example_intr_dma.o" -I../../standalone_bsp_0/ps7_cortexa9_0/include -MMD -MP -MF"src/xemacps_example_intr_dma.d" -MT"src/xemacps_example_intr_dma.d" -o "src/xemacps_example_intr_dma.o" "../src/xemacps_example_intr_dma.c"
../src/xemacps_example_intr_dma.c: In function 'EmacPsDmaSingleFrameIntrExample':
../src/xemacps_example_intr_dma.c:623:2: warning: implicit declaration of function 'ppu_test' [-Wimplicit-function-declaration]
  Status = ppu_test(EmacPsInstancePtr);
  ^
../src/xemacps_example_intr_dma.c: At top level:
../src/xemacps_example_intr_dma.c:1324:6: warning: conflicting types for 'ppu_test'
 void ppu_test(XEmacPs *EmacPsInstancePtr)
      ^
../src/xemacps_example_intr_dma.c:623:11: note: previous implicit declaration of 'ppu_test' was here
  Status = ppu_test(EmacPsInstancePtr);
           ^
../src/xemacps_example_intr_dma.c: In function 'ppu_test':
../src/xemacps_example_intr_dma.c:1333:16: warning: assignment makes pointer from integer without a cast
  rxvd_buffer_0 = PACKET_BUFFER_0;
                ^
../src/xemacps_example_intr_dma.c:1334:16: warning: assignment makes pointer from integer without a cast
  rxvd_buffer_1 = PACKET_BUFFER_1;
                ^
../src/xemacps_example_intr_dma.c:1345:30: warning: passing argument 1 of 'EmacPsUtilFrameHdrFormatMAC' from incompatible pointer type
  EmacPsUtilFrameHdrFormatMAC(&TxBuffer[0][0], EmacPsMAC);
                              ^
In file included from ../src/xemacps_example_intr_dma.c:118:0:
../src/xemacps_example.h:117:6: note: expected 'char (*)[1536]' but argument is of type 'char *'
 void EmacPsUtilFrameHdrFormatMAC(EthernetFrame * FramePtr, char *DestAddr);
      ^
../src/xemacps_example_intr_dma.c:1363:37: warning: assignment makes integer from pointer without a cast
  *(u32*)(TX_BD_LIST_START_ADDRESS ) = &TxBuffer[0][0];
                                     ^
../src/xemacps_example_intr_dma.c:1377:47: warning: assignment makes integer from pointer without a cast
    *(u32*)(BUFFER_DESC_MEM + (bd_index * 8) ) = &RxBuffer[bd_index][0];
                                               ^
../src/xemacps_example_intr_dma.c:1378:4: warning: format '%d' expects argument of type 'int', but argument 2 has type 'u32' [-Wformat=]
    printf("\r\nRxBuffer Addr in BD%d: %8x is saved in PL \r\n", bd_index, &RxBuffer[bd_index][0]);
    ^
../src/xemacps_example_intr_dma.c:1378:4: warning: format '%x' expects argument of type 'unsigned int', but argument 3 has type 'char *' [-Wformat=]
../src/xemacps_example_intr_dma.c:1378:4: warning: format '%d' expects argument of type 'int', but argument 2 has type 'u32' [-Wformat=]
../src/xemacps_example_intr_dma.c:1378:4: warning: format '%x' expects argument of type 'unsigned int', but argument 3 has type 'char *' [-Wformat=]
../src/xemacps_example_intr_dma.c:1388:47: warning: assignment makes integer from pointer without a cast
    *(u32*)(BUFFER_DESC_MEM + (bd_index * 8) ) = &RxBuffer[bd_index][0];
                                               ^
../src/xemacps_example_intr_dma.c:1389:4: warning: format '%d' expects argument of type 'int', but argument 2 has type 'u32' [-Wformat=]
    printf("\r\nRxBuffer Addr in BD%d: %8x is saved in PL\r\n", bd_index, &RxBuffer[bd_index][0]);
    ^
../src/xemacps_example_intr_dma.c:1389:4: warning: format '%x' expects argument of type 'unsigned int', but argument 3 has type 'char *' [-Wformat=]
../src/xemacps_example_intr_dma.c:1389:4: warning: format '%d' expects argument of type 'int', but argument 2 has type 'u32' [-Wformat=]
../src/xemacps_example_intr_dma.c:1389:4: warning: format '%x' expects argument of type 'unsigned int', but argument 3 has type 'char *' [-Wformat=]
../src/xemacps_example_intr_dma.c:1418:2: warning: implicit declaration of function 'ReceiveDataVerify' [-Wimplicit-function-declaration]
  DataError = ReceiveDataVerify(&TxBuffer[0], PACKET_BUFFER_0, 1018);
  ^
../src/xemacps_example_intr_dma.c:1425:3: warning: format '%d' expects argument of type 'int', but argument 2 has type 'u32' [-Wformat=]
   printf("Error Count = %d", DataError);
   ^
../src/xemacps_example_intr_dma.c:1425:3: warning: format '%d' expects argument of type 'int', but argument 2 has type 'u32' [-Wformat=]
../src/xemacps_example_intr_dma.c:1436:2: warning: implicit declaration of function 'PrintData' [-Wimplicit-function-declaration]
  PrintData(PACKET_BUFFER_0);
  ^
../src/xemacps_example_intr_dma.c:1329:7: warning: unused variable 'temp_char' [-Wunused-variable]
  char temp_char;
       ^
../src/xemacps_example_intr_dma.c: At top level:
../src/xemacps_example_intr_dma.c:1452:6: warning: conflicting types for 'PrintData'
 void PrintData(char *data_ptr)
      ^
../src/xemacps_example_intr_dma.c:1436:2: note: previous implicit declaration of 'PrintData' was here
  PrintData(PACKET_BUFFER_0);
  ^
Finished building: ../src/xemacps_example_intr_dma.c
 
Building target: fakhar_mod1.elf
Invoking: ARM gcc linker
arm-xilinx-eabi-gcc -Wl,-T -Wl,../src/lscript.ld -L../../standalone_bsp_0/ps7_cortexa9_0/lib -o "fakhar_mod1.elf"  ./src/testperiph.o ./src/xemacps_example_intr_dma.o ./src/xemacps_example_util.o ./src/xscugic_tapp_example.o ./src/xscutimer_intr_example.o   -Wl,--start-group,-lxil,-lgcc,-lc,--end-group
Finished building target: fakhar_mod1.elf
 
Invoking: ARM Print Size
arm-xilinx-eabi-size fakhar_mod1.elf  |tee "fakhar_mod1.elf.size"
   text	   data	    bss	    dec	    hex	filename
  87060	   3120	 128672	 218852	  356e4	fakhar_mod1.elf
Finished building: fakhar_mod1.elf.size
 
09:43:49 **** Incremental Build of configuration Debug for project fakhar_mod1 ****
make all 
make: Nothing to be done for 'all'.
09:45:47 **** Clean-only build of configuration Debug for project standalone_bsp_0_xemacps_example_intr_dma_1 ****
make clean 
rm -rf  ./src/xemacps_example_intr_dma.o ./src/xemacps_example_util.o  ./src/xemacps_example_intr_dma.d ./src/xemacps_example_util.d  standalone_bsp_0_xemacps_example_intr_dma_1.elf.size  standalone_bsp_0_xemacps_example_intr_dma_1.elf
 
09:45:47 **** Incremental Build of configuration Debug for project standalone_bsp_0_xemacps_example_intr_dma_1 ****
make all 
Building file: ../src/xemacps_example_intr_dma.c
Invoking: ARM gcc compiler
arm-xilinx-eabi-gcc -Wall -O0 -g3 -c -fmessage-length=0 -MT"src/xemacps_example_intr_dma.o" -I../../standalone_bsp_0/ps7_cortexa9_0/include -MMD -MP -MF"src/xemacps_example_intr_dma.d" -MT"src/xemacps_example_intr_dma.d" -o "src/xemacps_example_intr_dma.o" "../src/xemacps_example_intr_dma.c"
Finished building: ../src/xemacps_example_intr_dma.c
 
Building file: ../src/xemacps_example_util.c
Invoking: ARM gcc compiler
arm-xilinx-eabi-gcc -Wall -O0 -g3 -c -fmessage-length=0 -MT"src/xemacps_example_util.o" -I../../standalone_bsp_0/ps7_cortexa9_0/include -MMD -MP -MF"src/xemacps_example_util.d" -MT"src/xemacps_example_util.d" -o "src/xemacps_example_util.o" "../src/xemacps_example_util.c"
Finished building: ../src/xemacps_example_util.c
 
Building target: standalone_bsp_0_xemacps_example_intr_dma_1.elf
Invoking: ARM gcc linker
arm-xilinx-eabi-gcc -Wl,-T -Wl,../src/lscript.ld -L../../standalone_bsp_0/ps7_cortexa9_0/lib -o "standalone_bsp_0_xemacps_example_intr_dma_1.elf"  ./src/xemacps_example_intr_dma.o ./src/xemacps_example_util.o   -Wl,--start-group,-lxil,-lgcc,-lc,--end-group
Finished building target: standalone_bsp_0_xemacps_example_intr_dma_1.elf
 
Invoking: ARM Print Size
arm-xilinx-eabi-size standalone_bsp_0_xemacps_example_intr_dma_1.elf  |tee "standalone_bsp_0_xemacps_example_intr_dma_1.elf.size"
   text	   data	    bss	    dec	    hex	filename
  44808	   1944	  43488	  90240	  16080	standalone_bsp_0_xemacps_example_intr_dma_1.elf
Finished building: standalone_bsp_0_xemacps_example_intr_dma_1.elf.size
 
09:46:15 **** Incremental Build of configuration Debug for project standalone_bsp_0_xemacps_example_intr_dma_1 ****
make all 
make: Nothing to be done for 'all'.
09:46:57 **** Incremental Build of configuration Debug for project standalone_bsp_0_xemacps_example_intr_dma_1 ****
make all 
make: Nothing to be done for 'all'.
09:47:34 **** Incremental Build of configuration Debug for project standalone_bsp_0_xemacps_example_intr_dma_1 ****
make all 
make: Nothing to be done for 'all'.
09:50:49 **** Incremental Build of configuration Debug for project standalone_bsp_0_xemacps_example_intr_dma_1 ****
make all 
make: Nothing to be done for 'all'.
09:53:02 **** Incremental Build of configuration Debug for project standalone_bsp_0_xemacps_example_intr_dma_1 ****
make all 
make: Nothing to be done for 'all'.
09:53:42 **** Auto Build of configuration Debug for project standalone_bsp_0_xemacps_example_intr_dma_1 ****
make all 
Building file: ../src/xemacps_example_intr_dma.c
Invoking: ARM gcc compiler
arm-xilinx-eabi-gcc -Wall -O0 -g3 -c -fmessage-length=0 -MT"src/xemacps_example_intr_dma.o" -I../../standalone_bsp_0/ps7_cortexa9_0/include -MMD -MP -MF"src/xemacps_example_intr_dma.d" -MT"src/xemacps_example_intr_dma.d" -o "src/xemacps_example_intr_dma.o" "../src/xemacps_example_intr_dma.c"
Finished building: ../src/xemacps_example_intr_dma.c
 
Building target: standalone_bsp_0_xemacps_example_intr_dma_1.elf
Invoking: ARM gcc linker
arm-xilinx-eabi-gcc -Wl,-T -Wl,../src/lscript.ld -L../../standalone_bsp_0/ps7_cortexa9_0/lib -o "standalone_bsp_0_xemacps_example_intr_dma_1.elf"  ./src/xemacps_example_intr_dma.o ./src/xemacps_example_util.o   -Wl,--start-group,-lxil,-lgcc,-lc,--end-group
Finished building target: standalone_bsp_0_xemacps_example_intr_dma_1.elf
 
Invoking: ARM Print Size
arm-xilinx-eabi-size standalone_bsp_0_xemacps_example_intr_dma_1.elf  |tee "standalone_bsp_0_xemacps_example_intr_dma_1.elf.size"
   text	   data	    bss	    dec	    hex	filename
  44812	   1944	  43488	  90244	  16084	standalone_bsp_0_xemacps_example_intr_dma_1.elf
Finished building: standalone_bsp_0_xemacps_example_intr_dma_1.elf.size
 
09:53:45 **** Incremental Build of configuration Debug for project standalone_bsp_0_xemacps_example_intr_dma_1 ****
make all 
make: Nothing to be done for 'all'.
09:55:57 **** Incremental Build of configuration Debug for project standalone_bsp_0_xemacps_example_intr_dma_1 ****
make all 
make: Nothing to be done for 'all'.
